::ffff:127.0.0.1 - - [15/Jul/2026 19:56:41] "GET / HTTP/1.1" 200 -
::1 - - [15/Jul/2026 19:56:50] "HEAD / HTTP/1.1" 200 -
::1 - - [15/Jul/2026 19:57:37] "GET / HTTP/1.1" 200 -
::1 - - [15/Jul/2026 19:57:37] "GET /styles.css HTTP/1.1" 200 -
::1 - - [15/Jul/2026 19:57:37] "GET /app.js HTTP/1.1" 200 -
::1 - - [15/Jul/2026 19:57:37] "GET /services.json HTTP/1.1" 200 -
::1 - - [15/Jul/2026 19:57:37] code 404, message File not found
::1 - - [15/Jul/2026 19:57:37] "GET /favicon.ico HTTP/1.1" 404 -
::1 - - [15/Jul/2026 20:09:01] "GET / HTTP/1.1" 200 -
::1 - - [15/Jul/2026 21:03:23] "GET / HTTP/1.1" 200 -
::1 - - [15/Jul/2026 21:15:51] "GET /?step=1 HTTP/1.1" 200 -
::1 - - [15/Jul/2026 21:23:34] "GET / HTTP/1.1" 200 -
::1 - - [15/Jul/2026 21:31:40] "GET / HTTP/1.1" 200 -
::1 - - [15/Jul/2026 21:33:22] "GET / HTTP/1.1" 200 -
::1 - - [15/Jul/2026 21:42:47] "GET / HTTP/1.1" 200 -
::1 - - [15/Jul/2026 21:53:42] "GET / HTTP/1.1" 200 -
::1 - - [15/Jul/2026 22:02:49] "GET / HTTP/1.1" 200 -
::1 - - [15/Jul/2026 22:07:07] "GET / HTTP/1.1" 200 -
::1 - - [15/Jul/2026 23:41:38] "GET / HTTP/1.1" 200 -
::1 - - [15/Jul/2026 23:41:38] "GET /styles.css HTTP/1.1" 304 -
::1 - - [15/Jul/2026 23:41:38] "GET /app.js HTTP/1.1" 304 -
::1 - - [15/Jul/2026 23:41:38] "GET /services.json HTTP/1.1" 200 -
::1 - - [15/Jul/2026 23:53:58] "GET /?utm_creative=1&utm_campaign=KNUR&utm_source=escobar&utm_placement=Instagram_Feed&campaign_id=120243826115170417&adset_id=120243826115180417&ad_id=120243826115160417&adset_name=VALERA&p=3452341611582961&int=%7Bint%7D&lock=1lb56&bid=18&utm_medium=paid&utm_id=120243826115170417&utm_content=120243826115160417&utm_term=120243826115180417&fbclid=PAYm9jbAR6dwFleHRuA2FlbQEwAGFkaWQBqzEfzpwLsXNydGMGYXBwX2lkDzEyNDAyNDU3NDI4NzQxNAABp71syldLxZX6UqiEyCbHpsccNeVUgbfR7rpe2KQ_i--phhwRhlKyFGQYHbC6_aem_Us0lwYhZZRxevDS-0L6P1A HTTP/1.1" 200 -
::1 - - [15/Jul/2026 23:56:58] "GET / HTTP/1.1" 200 -
::1 - - [15/Jul/2026 23:56:59] code 404, message File not found
::1 - - [15/Jul/2026 23:56:59] "GET //wp-includes/wlwmanifest.xml HTTP/1.1" 404 -
::1 - - [15/Jul/2026 23:56:59] code 404, message File not found
::1 - - [15/Jul/2026 23:56:59] "GET //xmlrpc.php?rsd HTTP/1.1" 404 -
::1 - - [15/Jul/2026 23:56:59] "GET / HTTP/1.1" 200 -
::1 - - [15/Jul/2026 23:57:00] code 404, message File not found
::1 - - [15/Jul/2026 23:57:00] "GET //blog/wp-includes/wlwmanifest.xml HTTP/1.1" 404 -
::1 - - [15/Jul/2026 23:57:00] code 404, message File not found
::1 - - [15/Jul/2026 23:57:00] "GET //web/wp-includes/wlwmanifest.xml HTTP/1.1" 404 -
::1 - - [15/Jul/2026 23:57:00] code 404, message File not found
::1 - - [15/Jul/2026 23:57:00] "GET //wordpress/wp-includes/wlwmanifest.xml HTTP/1.1" 404 -
::1 - - [15/Jul/2026 23:57:01] code 404, message File not found
::1 - - [15/Jul/2026 23:57:01] "GET //website/wp-includes/wlwmanifest.xml HTTP/1.1" 404 -
::1 - - [15/Jul/2026 23:57:01] code 404, message File not found
::1 - - [15/Jul/2026 23:57:01] "GET //wp/wp-includes/wlwmanifest.xml HTTP/1.1" 404 -
::1 - - [15/Jul/2026 23:57:02] code 404, message File not found
::1 - - [15/Jul/2026 23:57:02] "GET //news/wp-includes/wlwmanifest.xml HTTP/1.1" 404 -
::1 - - [15/Jul/2026 23:57:02] code 404, message File not found
::1 - - [15/Jul/2026 23:57:02] "GET //2018/wp-includes/wlwmanifest.xml HTTP/1.1" 404 -
::1 - - [15/Jul/2026 23:57:02] code 404, message File not found
::1 - - [15/Jul/2026 23:57:02] "GET //2019/wp-includes/wlwmanifest.xml HTTP/1.1" 404 -
::1 - - [15/Jul/2026 23:57:03] code 404, message File not found
::1 - - [15/Jul/2026 23:57:03] "GET //shop/wp-includes/wlwmanifest.xml HTTP/1.1" 404 -
::1 - - [15/Jul/2026 23:57:03] code 404, message File not found
::1 - - [15/Jul/2026 23:57:03] "GET //wp1/wp-includes/wlwmanifest.xml HTTP/1.1" 404 -
::1 - - [15/Jul/2026 23:57:03] code 404, message File not found
::1 - - [15/Jul/2026 23:57:03] "GET //test/wp-includes/wlwmanifest.xml HTTP/1.1" 404 -
::1 - - [15/Jul/2026 23:57:04] code 404, message File not found
::1 - - [15/Jul/2026 23:57:04] "GET //media/wp-includes/wlwmanifest.xml HTTP/1.1" 404 -
::1 - - [15/Jul/2026 23:57:04] code 404, message File not found
::1 - - [15/Jul/2026 23:57:04] "GET //wp2/wp-includes/wlwmanifest.xml HTTP/1.1" 404 -
::1 - - [15/Jul/2026 23:57:04] code 404, message File not found
::1 - - [15/Jul/2026 23:57:04] "GET //site/wp-includes/wlwmanifest.xml HTTP/1.1" 404 -
::1 - - [15/Jul/2026 23:57:05] code 404, message File not found
::1 - - [15/Jul/2026 23:57:05] "GET //cms/wp-includes/wlwmanifest.xml HTTP/1.1" 404 -
::1 - - [15/Jul/2026 23:57:05] code 404, message File not found
::1 - - [15/Jul/2026 23:57:05] "GET //sito/wp-includes/wlwmanifest.xml HTTP/1.1" 404 -
::1 - - [15/Jul/2026 23:57:55] "GET /?step=1 HTTP/1.1" 200 -
::1 - - [16/Jul/2026 00:07:25] "GET / HTTP/1.1" 200 -
::1 - - [16/Jul/2026 00:20:44] "GET / HTTP/1.1" 200 -
::1 - - [16/Jul/2026 00:20:44] "GET /services.json HTTP/1.1" 200 -
::1 - - [16/Jul/2026 00:20:45] code 404, message File not found
::1 - - [16/Jul/2026 00:20:45] "GET /favicon.ico HTTP/1.1" 404 -
::1 - - [16/Jul/2026 01:39:12] "GET /?step=1 HTTP/1.1" 200 -
::1 - - [16/Jul/2026 02:10:30] "GET / HTTP/1.1" 200 -
::1 - - [16/Jul/2026 02:10:30] code 404, message File not found
::1 - - [16/Jul/2026 02:10:30] "GET //wp-includes/wlwmanifest.xml HTTP/1.1" 404 -
::1 - - [16/Jul/2026 02:10:31] code 404, message File not found
::1 - - [16/Jul/2026 02:10:31] "GET //xmlrpc.php?rsd HTTP/1.1" 404 -
::1 - - [16/Jul/2026 02:10:31] "GET / HTTP/1.1" 200 -
::1 - - [16/Jul/2026 02:10:31] code 404, message File not found
::1 - - [16/Jul/2026 02:10:31] "GET //blog/wp-includes/wlwmanifest.xml HTTP/1.1" 404 -
::1 - - [16/Jul/2026 02:10:31] code 404, message File not found
::1 - - [16/Jul/2026 02:10:31] "GET //web/wp-includes/wlwmanifest.xml HTTP/1.1" 404 -
::1 - - [16/Jul/2026 02:10:32] code 404, message File not found
::1 - - [16/Jul/2026 02:10:32] "GET //wordpress/wp-includes/wlwmanifest.xml HTTP/1.1" 404 -
::1 - - [16/Jul/2026 02:10:32] code 404, message File not found
::1 - - [16/Jul/2026 02:10:32] "GET //website/wp-includes/wlwmanifest.xml HTTP/1.1" 404 -
::1 - - [16/Jul/2026 02:10:32] code 404, message File not found
::1 - - [16/Jul/2026 02:10:32] "GET //wp/wp-includes/wlwmanifest.xml HTTP/1.1" 404 -
::1 - - [16/Jul/2026 02:10:32] code 404, message File not found
::1 - - [16/Jul/2026 02:10:32] "GET //news/wp-includes/wlwmanifest.xml HTTP/1.1" 404 -
::1 - - [16/Jul/2026 02:10:33] code 404, message File not found
::1 - - [16/Jul/2026 02:10:33] "GET //2018/wp-includes/wlwmanifest.xml HTTP/1.1" 404 -
::1 - - [16/Jul/2026 02:10:33] code 404, message File not found
::1 - - [16/Jul/2026 02:10:33] "GET //2019/wp-includes/wlwmanifest.xml HTTP/1.1" 404 -
::1 - - [16/Jul/2026 02:10:33] code 404, message File not found
::1 - - [16/Jul/2026 02:10:33] "GET //shop/wp-includes/wlwmanifest.xml HTTP/1.1" 404 -
::1 - - [16/Jul/2026 02:10:34] code 404, message File not found
::1 - - [16/Jul/2026 02:10:34] "GET //wp1/wp-includes/wlwmanifest.xml HTTP/1.1" 404 -
::1 - - [16/Jul/2026 02:10:34] code 404, message File not found
::1 - - [16/Jul/2026 02:10:34] "GET //test/wp-includes/wlwmanifest.xml HTTP/1.1" 404 -
::1 - - [16/Jul/2026 02:10:34] code 404, message File not found
::1 - - [16/Jul/2026 02:10:34] "GET //media/wp-includes/wlwmanifest.xml HTTP/1.1" 404 -
::1 - - [16/Jul/2026 02:10:34] code 404, message File not found
::1 - - [16/Jul/2026 02:10:34] "GET //wp2/wp-includes/wlwmanifest.xml HTTP/1.1" 404 -
::1 - - [16/Jul/2026 02:10:35] code 404, message File not found
::1 - - [16/Jul/2026 02:10:35] "GET //site/wp-includes/wlwmanifest.xml HTTP/1.1" 404 -
::1 - - [16/Jul/2026 02:10:35] code 404, message File not found
::1 - - [16/Jul/2026 02:10:35] "GET //cms/wp-includes/wlwmanifest.xml HTTP/1.1" 404 -
::1 - - [16/Jul/2026 02:10:35] code 404, message File not found
::1 - - [16/Jul/2026 02:10:35] "GET //sito/wp-includes/wlwmanifest.xml HTTP/1.1" 404 -
::1 - - [16/Jul/2026 04:30:41] "GET / HTTP/1.1" 200 -
::1 - - [16/Jul/2026 04:50:26] "GET / HTTP/1.1" 200 -
::1 - - [16/Jul/2026 04:51:50] "GET / HTTP/1.1" 200 -
::1 - - [16/Jul/2026 05:09:48] "GET /?step=1 HTTP/1.1" 200 -
::1 - - [16/Jul/2026 14:31:57] "GET /?step=1 HTTP/1.1" 200 -
----------------------------------------
Exception occurred during processing of request from ('::1', 56363, 0, 0)
Traceback (most recent call last):
  File "C:\Python314\Lib\socketserver.py", line 697, in process_request_thread
    self.finish_request(request, client_address)
    ~~~~~~~~~~~~~~~~~~~^^^^^^^^^^^^^^^^^^^^^^^^^
  File "C:\Python314\Lib\http\server.py", line 1422, in finish_request
    self.RequestHandlerClass(request, client_address, self,
    ~~~~~~~~~~~~~~~~~~~~~~~~^^^^^^^^^^^^^^^^^^^^^^^^^^^^^^^
                             directory=args.directory)
                             ^^^^^^^^^^^^^^^^^^^^^^^^^
  File "C:\Python314\Lib\http\server.py", line 732, in __init__
    super().__init__(*args, **kwargs)
    ~~~~~~~~~~~~~~~~^^^^^^^^^^^^^^^^^
  File "C:\Python314\Lib\socketserver.py", line 766, in __init__
    self.handle()
    ~~~~~~~~~~~^^
  File "C:\Python314\Lib\http\server.py", line 496, in handle
    self.handle_one_request()
    ~~~~~~~~~~~~~~~~~~~~~~~^^
  File "C:\Python314\Lib\http\server.py", line 484, in handle_one_request
    method()
    ~~~~~~^^
  File "C:\Python314\Lib\http\server.py", line 736, in do_GET
    f = self.send_head()
  File "C:\Python314\Lib\http\server.py", line 831, in send_head
    self.end_headers()
    ~~~~~~~~~~~~~~~~^^
  File "C:\Python314\Lib\http\server.py", line 598, in end_headers
    self.flush_headers()
    ~~~~~~~~~~~~~~~~~~^^
  File "C:\Python314\Lib\http\server.py", line 602, in flush_headers
    self.wfile.write(b"".join(self._headers_buffer))
    ~~~~~~~~~~~~~~~~^^^^^^^^^^^^^^^^^^^^^^^^^^^^^^^^
  File "C:\Python314\Lib\socketserver.py", line 845, in write
    self._sock.sendall(b)
    ~~~~~~~~~~~~~~~~~~^^^
ConnectionAbortedError: [WinError 10053] An established connection was aborted by the software in your host machine
----------------------------------------
::1 - - [16/Jul/2026 14:42:15] "GET /?step=1 HTTP/1.1" 200 -
::1 - - [16/Jul/2026 14:47:29] "GET / HTTP/1.1" 200 -
::1 - - [16/Jul/2026 14:47:29] code 404, message File not found
::1 - - [16/Jul/2026 14:47:29] "GET //wp-includes/wlwmanifest.xml HTTP/1.1" 404 -
::1 - - [16/Jul/2026 14:47:30] code 404, message File not found
::1 - - [16/Jul/2026 14:47:30] "GET //xmlrpc.php?rsd HTTP/1.1" 404 -
::1 - - [16/Jul/2026 14:47:30] "GET / HTTP/1.1" 200 -
::1 - - [16/Jul/2026 14:47:30] code 404, message File not found
::1 - - [16/Jul/2026 14:47:30] "GET //blog/wp-includes/wlwmanifest.xml HTTP/1.1" 404 -
::1 - - [16/Jul/2026 14:47:31] code 404, message File not found
::1 - - [16/Jul/2026 14:47:31] "GET //web/wp-includes/wlwmanifest.xml HTTP/1.1" 404 -
::1 - - [16/Jul/2026 14:47:31] code 404, message File not found
::1 - - [16/Jul/2026 14:47:31] "GET //wordpress/wp-includes/wlwmanifest.xml HTTP/1.1" 404 -
::1 - - [16/Jul/2026 14:47:31] code 404, message File not found
::1 - - [16/Jul/2026 14:47:31] "GET //website/wp-includes/wlwmanifest.xml HTTP/1.1" 404 -
::1 - - [16/Jul/2026 14:47:31] code 404, message File not found
::1 - - [16/Jul/2026 14:47:31] "GET //wp/wp-includes/wlwmanifest.xml HTTP/1.1" 404 -
::1 - - [16/Jul/2026 14:47:32] code 404, message File not found
::1 - - [16/Jul/2026 14:47:32] "GET //news/wp-includes/wlwmanifest.xml HTTP/1.1" 404 -
::1 - - [16/Jul/2026 14:47:32] code 404, message File not found
::1 - - [16/Jul/2026 14:47:32] "GET //2020/wp-includes/wlwmanifest.xml HTTP/1.1" 404 -
::1 - - [16/Jul/2026 14:47:32] code 404, message File not found
::1 - - [16/Jul/2026 14:47:32] "GET //2019/wp-includes/wlwmanifest.xml HTTP/1.1" 404 -
::1 - - [16/Jul/2026 14:47:33] code 404, message File not found
::1 - - [16/Jul/2026 14:47:33] "GET //shop/wp-includes/wlwmanifest.xml HTTP/1.1" 404 -
::1 - - [16/Jul/2026 14:47:33] code 404, message File not found
::1 - - [16/Jul/2026 14:47:33] "GET //wp1/wp-includes/wlwmanifest.xml HTTP/1.1" 404 -
::1 - - [16/Jul/2026 14:47:33] code 404, message File not found
::1 - - [16/Jul/2026 14:47:33] "GET //test/wp-includes/wlwmanifest.xml HTTP/1.1" 404 -
::1 - - [16/Jul/2026 14:47:33] code 404, message File not found
::1 - - [16/Jul/2026 14:47:33] "GET //wp2/wp-includes/wlwmanifest.xml HTTP/1.1" 404 -
::1 - - [16/Jul/2026 14:47:34] code 404, message File not found
::1 - - [16/Jul/2026 14:47:34] "GET //site/wp-includes/wlwmanifest.xml HTTP/1.1" 404 -
::1 - - [16/Jul/2026 14:47:34] code 404, message File not found
::1 - - [16/Jul/2026 14:47:34] "GET //cms/wp-includes/wlwmanifest.xml HTTP/1.1" 404 -
::1 - - [16/Jul/2026 14:47:34] code 404, message File not found
::1 - - [16/Jul/2026 14:47:34] "GET //sito/wp-includes/wlwmanifest.xml HTTP/1.1" 404 -
::1 - - [16/Jul/2026 14:59:09] "GET / HTTP/1.1" 200 -
::1 - - [16/Jul/2026 15:05:10] "GET / HTTP/1.1" 200 -
::1 - - [16/Jul/2026 15:10:29] "GET / HTTP/1.1" 200 -
::1 - - [16/Jul/2026 15:10:31] "GET / HTTP/1.1" 200 -
::1 - - [16/Jul/2026 15:29:12] "GET / HTTP/1.1" 200 -
::1 - - [16/Jul/2026 15:41:26] "GET / HTTP/1.1" 200 -
::1 - - [16/Jul/2026 15:44:26] "GET / HTTP/1.1" 200 -
::1 - - [16/Jul/2026 15:52:20] "GET / HTTP/1.1" 200 -
::1 - - [16/Jul/2026 15:52:21] code 404, message File not found
::1 - - [16/Jul/2026 15:52:21] "GET //wp-includes/wlwmanifest.xml HTTP/1.1" 404 -
::1 - - [16/Jul/2026 15:52:21] code 404, message File not found
::1 - - [16/Jul/2026 15:52:21] "GET //xmlrpc.php?rsd HTTP/1.1" 404 -
::1 - - [16/Jul/2026 15:52:22] "GET / HTTP/1.1" 200 -
::1 - - [16/Jul/2026 15:52:23] code 404, message File not found
::1 - - [16/Jul/2026 15:52:23] "GET //blog/wp-includes/wlwmanifest.xml HTTP/1.1" 404 -
::1 - - [16/Jul/2026 15:52:23] code 404, message File not found
::1 - - [16/Jul/2026 15:52:23] "GET //web/wp-includes/wlwmanifest.xml HTTP/1.1" 404 -
::1 - - [16/Jul/2026 15:52:24] code 404, message File not found
::1 - - [16/Jul/2026 15:52:24] "GET //wordpress/wp-includes/wlwmanifest.xml HTTP/1.1" 404 -
::1 - - [16/Jul/2026 15:52:24] code 404, message File not found
::1 - - [16/Jul/2026 15:52:24] "GET //website/wp-includes/wlwmanifest.xml HTTP/1.1" 404 -
::1 - - [16/Jul/2026 15:52:25] code 404, message File not found
::1 - - [16/Jul/2026 15:52:25] "GET //wp/wp-includes/wlwmanifest.xml HTTP/1.1" 404 -
::1 - - [16/Jul/2026 15:52:25] code 404, message File not found
::1 - - [16/Jul/2026 15:52:25] "GET //news/wp-includes/wlwmanifest.xml HTTP/1.1" 404 -
::1 - - [16/Jul/2026 15:52:26] code 404, message File not found
::1 - - [16/Jul/2026 15:52:26] "GET //2018/wp-includes/wlwmanifest.xml HTTP/1.1" 404 -
::1 - - [16/Jul/2026 15:52:26] code 404, message File not found
::1 - - [16/Jul/2026 15:52:26] "GET //2019/wp-includes/wlwmanifest.xml HTTP/1.1" 404 -
::1 - - [16/Jul/2026 15:52:27] code 404, message File not found
::1 - - [16/Jul/2026 15:52:27] "GET //shop/wp-includes/wlwmanifest.xml HTTP/1.1" 404 -
::1 - - [16/Jul/2026 15:52:27] code 404, message File not found
::1 - - [16/Jul/2026 15:52:27] "GET //wp1/wp-includes/wlwmanifest.xml HTTP/1.1" 404 -
::1 - - [16/Jul/2026 15:52:28] code 404, message File not found
::1 - - [16/Jul/2026 15:52:28] "GET //test/wp-includes/wlwmanifest.xml HTTP/1.1" 404 -
::1 - - [16/Jul/2026 15:52:28] code 404, message File not found
::1 - - [16/Jul/2026 15:52:28] "GET //media/wp-includes/wlwmanifest.xml HTTP/1.1" 404 -
::1 - - [16/Jul/2026 15:52:29] code 404, message File not found
::1 - - [16/Jul/2026 15:52:29] "GET //wp2/wp-includes/wlwmanifest.xml HTTP/1.1" 404 -
::1 - - [16/Jul/2026 15:52:30] code 404, message File not found
::1 - - [16/Jul/2026 15:52:30] "GET //site/wp-includes/wlwmanifest.xml HTTP/1.1" 404 -
::1 - - [16/Jul/2026 15:52:30] code 404, message File not found
::1 - - [16/Jul/2026 15:52:30] "GET //cms/wp-includes/wlwmanifest.xml HTTP/1.1" 404 -
::1 - - [16/Jul/2026 15:52:31] code 404, message File not found
::1 - - [16/Jul/2026 15:52:31] "GET //sito/wp-includes/wlwmanifest.xml HTTP/1.1" 404 -
::1 - - [16/Jul/2026 16:05:04] "GET / HTTP/1.1" 200 -
::1 - - [16/Jul/2026 16:18:15] "GET / HTTP/1.1" 200 -
::1 - - [16/Jul/2026 16:22:39] "GET / HTTP/1.1" 200 -
::1 - - [16/Jul/2026 18:09:35] "GET /?step=1 HTTP/1.1" 200 -
::1 - - [16/Jul/2026 19:19:23] "GET / HTTP/1.1" 200 -
::1 - - [16/Jul/2026 19:20:15] "GET / HTTP/1.1" 200 -
::1 - - [16/Jul/2026 19:30:06] "GET / HTTP/1.1" 200 -
::1 - - [16/Jul/2026 19:30:06] code 404, message File not found
::1 - - [16/Jul/2026 19:30:06] "GET //wp-includes/wlwmanifest.xml HTTP/1.1" 404 -
::1 - - [16/Jul/2026 19:30:07] code 404, message File not found
::1 - - [16/Jul/2026 19:30:07] "GET //xmlrpc.php?rsd HTTP/1.1" 404 -
::1 - - [16/Jul/2026 19:30:07] "GET / HTTP/1.1" 200 -
::1 - - [16/Jul/2026 19:30:07] code 404, message File not found
::1 - - [16/Jul/2026 19:30:07] "GET //blog/wp-includes/wlwmanifest.xml HTTP/1.1" 404 -
::1 - - [16/Jul/2026 19:30:08] code 404, message File not found
::1 - - [16/Jul/2026 19:30:08] "GET //web/wp-includes/wlwmanifest.xml HTTP/1.1" 404 -
::1 - - [16/Jul/2026 19:30:08] code 404, message File not found
::1 - - [16/Jul/2026 19:30:08] "GET //wordpress/wp-includes/wlwmanifest.xml HTTP/1.1" 404 -
::1 - - [16/Jul/2026 19:30:08] code 404, message File not found
::1 - - [16/Jul/2026 19:30:08] "GET //website/wp-includes/wlwmanifest.xml HTTP/1.1" 404 -
::1 - - [16/Jul/2026 19:30:08] code 404, message File not found
::1 - - [16/Jul/2026 19:30:08] "GET //wp/wp-includes/wlwmanifest.xml HTTP/1.1" 404 -
::1 - - [16/Jul/2026 19:30:09] code 404, message File not found
::1 - - [16/Jul/2026 19:30:09] "GET //news/wp-includes/wlwmanifest.xml HTTP/1.1" 404 -
::1 - - [16/Jul/2026 19:30:09] code 404, message File not found
::1 - - [16/Jul/2026 19:30:09] "GET //2020/wp-includes/wlwmanifest.xml HTTP/1.1" 404 -
::1 - - [16/Jul/2026 19:30:09] code 404, message File not found
::1 - - [16/Jul/2026 19:30:09] "GET //2019/wp-includes/wlwmanifest.xml HTTP/1.1" 404 -
::1 - - [16/Jul/2026 19:30:10] code 404, message File not found
::1 - - [16/Jul/2026 19:30:10] "GET //shop/wp-includes/wlwmanifest.xml HTTP/1.1" 404 -
::1 - - [16/Jul/2026 19:30:10] code 404, message File not found
::1 - - [16/Jul/2026 19:30:10] "GET //wp1/wp-includes/wlwmanifest.xml HTTP/1.1" 404 -
::1 - - [16/Jul/2026 19:30:10] code 404, message File not found
::1 - - [16/Jul/2026 19:30:10] "GET //test/wp-includes/wlwmanifest.xml HTTP/1.1" 404 -
::1 - - [16/Jul/2026 19:30:10] code 404, message File not found
::1 - - [16/Jul/2026 19:30:10] "GET //wp2/wp-includes/wlwmanifest.xml HTTP/1.1" 404 -
::1 - - [16/Jul/2026 19:30:11] code 404, message File not found
::1 - - [16/Jul/2026 19:30:11] "GET //site/wp-includes/wlwmanifest.xml HTTP/1.1" 404 -
::1 - - [16/Jul/2026 19:30:11] code 404, message File not found
::1 - - [16/Jul/2026 19:30:11] "GET //cms/wp-includes/wlwmanifest.xml HTTP/1.1" 404 -
::1 - - [16/Jul/2026 19:30:11] code 404, message File not found
::1 - - [16/Jul/2026 19:30:11] "GET //sito/wp-includes/wlwmanifest.xml HTTP/1.1" 404 -
::1 - - [16/Jul/2026 21:33:16] "GET /?step=1 HTTP/1.1" 200 -
::1 - - [16/Jul/2026 21:47:52] "GET / HTTP/1.1" 200 -
::1 - - [16/Jul/2026 23:15:39] "GET /?step=1 HTTP/1.1" 200 -
::1 - - [16/Jul/2026 23:48:43] "GET / HTTP/1.1" 200 -
::1 - - [16/Jul/2026 23:48:44] "GET / HTTP/1.1" 200 -
::1 - - [17/Jul/2026 01:40:44] "GET / HTTP/1.1" 200 -
::1 - - [17/Jul/2026 01:44:11] "GET / HTTP/1.1" 200 -
::1 - - [17/Jul/2026 01:52:19] "GET / HTTP/1.1" 200 -
::1 - - [17/Jul/2026 01:52:20] "GET /styles.css HTTP/1.1" 200 -
::1 - - [17/Jul/2026 01:52:20] "GET /app.js HTTP/1.1" 200 -
::1 - - [17/Jul/2026 01:52:20] "GET /services.json HTTP/1.1" 200 -
::1 - - [17/Jul/2026 02:33:27] "GET / HTTP/1.1" 200 -
::1 - - [17/Jul/2026 02:33:27] "GET /app.js HTTP/1.1" 200 -
::1 - - [17/Jul/2026 02:33:27] "GET /styles.css HTTP/1.1" 200 -
::1 - - [17/Jul/2026 02:33:27] "GET /services.json HTTP/1.1" 200 -
::1 - - [17/Jul/2026 02:34:11] "GET / HTTP/1.1" 200 -
::1 - - [17/Jul/2026 02:36:35] "GET / HTTP/1.1" 200 -
::1 - - [17/Jul/2026 02:37:15] "GET / HTTP/1.1" 200 -
::1 - - [17/Jul/2026 02:41:40] "GET / HTTP/1.1" 200 -
::1 - - [17/Jul/2026 02:44:36] "GET /?step=1 HTTP/1.1" 200 -
::1 - - [17/Jul/2026 02:57:11] "GET / HTTP/1.1" 200 -
::1 - - [17/Jul/2026 04:24:19] "GET /?step=1 HTTP/1.1" 200 -
::1 - - [17/Jul/2026 04:27:51] code 404, message File not found
::1 - - [17/Jul/2026 04:27:51] "GET //wp-includes/ID3/license.txt HTTP/1.1" 404 -
::1 - - [17/Jul/2026 04:27:51] code 404, message File not found
::1 - - [17/Jul/2026 04:27:51] "GET //feed/ HTTP/1.1" 404 -
::1 - - [17/Jul/2026 04:27:51] code 404, message File not found
::1 - - [17/Jul/2026 04:27:51] "GET //xmlrpc.php?rsd HTTP/1.1" 404 -
::1 - - [17/Jul/2026 04:27:51] code 404, message File not found
::1 - - [17/Jul/2026 04:27:51] "GET //blog/wp-includes/wlwmanifest.xml HTTP/1.1" 404 -
::1 - - [17/Jul/2026 04:27:51] code 404, message File not found
::1 - - [17/Jul/2026 04:27:51] "GET //web/wp-includes/wlwmanifest.xml HTTP/1.1" 404 -
::1 - - [17/Jul/2026 04:27:52] code 404, message File not found
::1 - - [17/Jul/2026 04:27:52] "GET //wordpress/wp-includes/wlwmanifest.xml HTTP/1.1" 404 -
::1 - - [17/Jul/2026 04:27:52] code 404, message File not found
::1 - - [17/Jul/2026 04:27:52] "GET //wp/wp-includes/wlwmanifest.xml HTTP/1.1" 404 -
::1 - - [17/Jul/2026 04:27:52] code 404, message File not found
::1 - - [17/Jul/2026 04:27:52] "GET //2020/wp-includes/wlwmanifest.xml HTTP/1.1" 404 -
::1 - - [17/Jul/2026 04:27:52] code 404, message File not found
::1 - - [17/Jul/2026 04:27:52] "GET //2019/wp-includes/wlwmanifest.xml HTTP/1.1" 404 -
::1 - - [17/Jul/2026 04:27:52] code 404, message File not found
::1 - - [17/Jul/2026 04:27:52] "GET //2021/wp-includes/wlwmanifest.xml HTTP/1.1" 404 -
::1 - - [17/Jul/2026 04:27:53] code 404, message File not found
::1 - - [17/Jul/2026 04:27:53] "GET //shop/wp-includes/wlwmanifest.xml HTTP/1.1" 404 -
::1 - - [17/Jul/2026 04:27:53] code 404, message File not found
::1 - - [17/Jul/2026 04:27:53] "GET //wp1/wp-includes/wlwmanifest.xml HTTP/1.1" 404 -
::1 - - [17/Jul/2026 04:27:53] code 404, message File not found
::1 - - [17/Jul/2026 04:27:53] "GET //test/wp-includes/wlwmanifest.xml HTTP/1.1" 404 -
::1 - - [17/Jul/2026 04:27:53] code 404, message File not found
::1 - - [17/Jul/2026 04:27:53] "GET //site/wp-includes/wlwmanifest.xml HTTP/1.1" 404 -
::1 - - [17/Jul/2026 04:27:53] code 404, message File not found
::1 - - [17/Jul/2026 04:27:53] "GET //cms/wp-includes/wlwmanifest.xml HTTP/1.1" 404 -
::1 - - [17/Jul/2026 04:37:50] "GET / HTTP/1.1" 200 -
::1 - - [17/Jul/2026 04:56:40] "GET / HTTP/1.1" 200 -
::1 - - [17/Jul/2026 04:56:40] "GET /app.js HTTP/1.1" 200 -
::1 - - [17/Jul/2026 04:56:40] "GET /styles.css HTTP/1.1" 200 -
::1 - - [17/Jul/2026 04:56:40] "GET /services.json HTTP/1.1" 200 -
::1 - - [17/Jul/2026 04:56:40] code 404, message File not found
::1 - - [17/Jul/2026 04:56:40] "GET /favicon.ico HTTP/1.1" 404 -
::1 - - [17/Jul/2026 05:34:48] "GET / HTTP/1.1" 200 -
::1 - - [17/Jul/2026 05:34:48] "GET /?step=1&language=en_GB HTTP/1.1" 200 -
::1 - - [17/Jul/2026 05:34:49] "GET /?step=1&language=en_GB HTTP/1.1" 200 -
::1 - - [17/Jul/2026 05:34:49] "GET / HTTP/1.1" 200 -
::1 - - [17/Jul/2026 05:34:49] "GET /?step=1&language=en_GB HTTP/1.1" 200 -
::1 - - [17/Jul/2026 05:34:49] "GET /?step=1&language=en_GB HTTP/1.1" 200 -
::1 - - [17/Jul/2026 05:34:50] "GET / HTTP/1.1" 200 -
::1 - - [17/Jul/2026 05:34:50] "GET /?step=1&language=en_GB HTTP/1.1" 200 -
::1 - - [17/Jul/2026 05:34:50] "GET /?step=1&language=en_GB HTTP/1.1" 200 -
::1 - - [17/Jul/2026 05:34:50] "GET / HTTP/1.1" 200 -
::1 - - [17/Jul/2026 05:34:50] "GET /?step=1&language=en_GB HTTP/1.1" 200 -
::1 - - [17/Jul/2026 05:34:51] "GET /?step=1&language=en_GB HTTP/1.1" 200 -
::1 - - [17/Jul/2026 05:34:51] "GET / HTTP/1.1" 200 -
::1 - - [17/Jul/2026 05:34:51] "GET /?step=1&language=en_GB HTTP/1.1" 200 -
::1 - - [17/Jul/2026 05:34:51] "GET /?step=1&language=en_GB HTTP/1.1" 200 -
::1 - - [17/Jul/2026 06:08:22] "GET /?step=1 HTTP/1.1" 200 -
::1 - - [17/Jul/2026 06:09:06] "GET / HTTP/1.1" 200 -
::1 - - [17/Jul/2026 06:13:31] "GET / HTTP/1.1" 200 -
::1 - - [17/Jul/2026 06:24:20] "GET / HTTP/1.1" 200 -
::1 - - [17/Jul/2026 06:25:02] "GET / HTTP/1.1" 200 -
::1 - - [17/Jul/2026 06:25:06] "GET / HTTP/1.1" 200 -
::1 - - [17/Jul/2026 06:25:06] "GET / HTTP/1.1" 200 -
::1 - - [17/Jul/2026 06:25:07] "GET / HTTP/1.1" 200 -
::1 - - [17/Jul/2026 06:25:08] "GET / HTTP/1.1" 200 -
::1 - - [17/Jul/2026 06:57:50] "GET / HTTP/1.1" 200 -
::1 - - [17/Jul/2026 07:17:40] "GET / HTTP/1.1" 200 -
::1 - - [17/Jul/2026 07:17:40] "GET / HTTP/1.1" 200 -
::1 - - [17/Jul/2026 08:08:49] "GET / HTTP/1.1" 200 -
::1 - - [17/Jul/2026 08:08:49] "GET / HTTP/1.1" 200 -
::1 - - [17/Jul/2026 09:30:30] "GET / HTTP/1.1" 200 -
::1 - - [17/Jul/2026 09:35:24] "GET / HTTP/1.1" 200 -
::1 - - [17/Jul/2026 10:07:43] "GET /?step=1 HTTP/1.1" 200 -
----------------------------------------
Exception occurred during processing of request from ('::1', 54775, 0, 0)
::1 - - [17/Jul/2026 10:07:43] "GET / HTTP/1.1" 200 -
----------------------------------------
Exception occurred during processing of request from ('::1', 62041, 0, 0)
Traceback (most recent call last):
Traceback (most recent call last):
  File "C:\Python314\Lib\socketserver.py", line 697, in process_request_thread
    self.finish_request(request, client_address)
    ~~~~~~~~~~~~~~~~~~~^^^^^^^^^^^^^^^^^^^^^^^^^
  File "C:\Python314\Lib\socketserver.py", line 697, in process_request_thread
    self.finish_request(request, client_address)
    ~~~~~~~~~~~~~~~~~~~^^^^^^^^^^^^^^^^^^^^^^^^^
  File "C:\Python314\Lib\http\server.py", line 1422, in finish_request
    self.RequestHandlerClass(request, client_address, self,
    ~~~~~~~~~~~~~~~~~~~~~~~~^^^^^^^^^^^^^^^^^^^^^^^^^^^^^^^
                             directory=args.directory)
                             ^^^^^^^^^^^^^^^^^^^^^^^^^
  File "C:\Python314\Lib\http\server.py", line 732, in __init__
    super().__init__(*args, **kwargs)
    ~~~~~~~~~~~~~~~~^^^^^^^^^^^^^^^^^
  File "C:\Python314\Lib\socketserver.py", line 766, in __init__
    self.handle()
    ~~~~~~~~~~~^^
  File "C:\Python314\Lib\http\server.py", line 496, in handle
    self.handle_one_request()
    ~~~~~~~~~~~~~~~~~~~~~~~^^
  File "C:\Python314\Lib\http\server.py", line 484, in handle_one_request
    method()
    ~~~~~~^^
  File "C:\Python314\Lib\http\server.py", line 736, in do_GET
    f = self.send_head()
  File "C:\Python314\Lib\http\server.py", line 831, in send_head
    self.end_headers()
    ~~~~~~~~~~~~~~~~^^
  File "C:\Python314\Lib\http\server.py", line 598, in end_headers
    self.flush_headers()
    ~~~~~~~~~~~~~~~~~~^^
  File "C:\Python314\Lib\http\server.py", line 602, in flush_headers
    self.wfile.write(b"".join(self._headers_buffer))
    ~~~~~~~~~~~~~~~~^^^^^^^^^^^^^^^^^^^^^^^^^^^^^^^^
  File "C:\Python314\Lib\socketserver.py", line 845, in write
    self._sock.sendall(b)
    ~~~~~~~~~~~~~~~~~~^^^
  File "C:\Python314\Lib\http\server.py", line 1422, in finish_request
    self.RequestHandlerClass(request, client_address, self,
    ~~~~~~~~~~~~~~~~~~~~~~~~^^^^^^^^^^^^^^^^^^^^^^^^^^^^^^^
                             directory=args.directory)
                             ^^^^^^^^^^^^^^^^^^^^^^^^^
ConnectionAbortedError: [WinError 10053] An established connection was aborted by the software in your host machine
  File "C:\Python314\Lib\http\server.py", line 732, in __init__
    super().__init__(*args, **kwargs)
    ~~~~~~~~~~~~~~~~^^^^^^^^^^^^^^^^^
----------------------------------------
  File "C:\Python314\Lib\socketserver.py", line 766, in __init__
    self.handle()
    ~~~~~~~~~~~^^
  File "C:\Python314\Lib\http\server.py", line 496, in handle
    self.handle_one_request()
    ~~~~~~~~~~~~~~~~~~~~~~~^^
  File "C:\Python314\Lib\http\server.py", line 484, in handle_one_request
    method()
    ~~~~~~^^
  File "C:\Python314\Lib\http\server.py", line 736, in do_GET
    f = self.send_head()
  File "C:\Python314\Lib\http\server.py", line 831, in send_head
    self.end_headers()
    ~~~~~~~~~~~~~~~~^^
  File "C:\Python314\Lib\http\server.py", line 598, in end_headers
    self.flush_headers()
    ~~~~~~~~~~~~~~~~~~^^
  File "C:\Python314\Lib\http\server.py", line 602, in flush_headers
    self.wfile.write(b"".join(self._headers_buffer))
    ~~~~~~~~~~~~~~~~^^^^^^^^^^^^^^^^^^^^^^^^^^^^^^^^
  File "C:\Python314\Lib\socketserver.py", line 845, in write
    self._sock.sendall(b)
    ~~~~~~~~~~~~~~~~~~^^^
ConnectionAbortedError: [WinError 10053] An established connection was aborted by the software in your host machine
----------------------------------------
::1 - - [17/Jul/2026 10:10:53] "GET / HTTP/1.1" 200 -
::1 - - [17/Jul/2026 13:31:41] "GET / HTTP/1.1" 200 -
::1 - - [17/Jul/2026 14:11:46] "GET / HTTP/1.1" 200 -
::1 - - [18/Jul/2026 00:51:08] "GET / HTTP/1.1" 200 -
::1 - - [18/Jul/2026 00:52:47] "GET /?step=1 HTTP/1.1" 200 -
::1 - - [18/Jul/2026 00:54:11] "GET / HTTP/1.1" 200 -
::1 - - [18/Jul/2026 00:54:20] "GET /styles.css HTTP/1.1" 200 -
::1 - - [18/Jul/2026 00:54:20] "GET /app.js HTTP/1.1" 200 -
::1 - - [18/Jul/2026 00:54:20] "GET /services.json HTTP/1.1" 200 -
::1 - - [18/Jul/2026 01:34:01] "GET / HTTP/1.1" 200 -
----------------------------------------
Exception occurred during processing of request from ('::1', 57987, 0, 0)
Traceback (most recent call last):
  File "C:\Python314\Lib\socketserver.py", line 697, in process_request_thread
    self.finish_request(request, client_address)
    ~~~~~~~~~~~~~~~~~~~^^^^^^^^^^^^^^^^^^^^^^^^^
  File "C:\Python314\Lib\http\server.py", line 1422, in finish_request
    self.RequestHandlerClass(request, client_address, self,
    ~~~~~~~~~~~~~~~~~~~~~~~~^^^^^^^^^^^^^^^^^^^^^^^^^^^^^^^
                             directory=args.directory)
                             ^^^^^^^^^^^^^^^^^^^^^^^^^
  File "C:\Python314\Lib\http\server.py", line 732, in __init__
    super().__init__(*args, **kwargs)
    ~~~~~~~~~~~~~~~~^^^^^^^^^^^^^^^^^
  File "C:\Python314\Lib\socketserver.py", line 766, in __init__
    self.handle()
    ~~~~~~~~~~~^^
  File "C:\Python314\Lib\http\server.py", line 496, in handle
    self.handle_one_request()
    ~~~~~~~~~~~~~~~~~~~~~~~^^
  File "C:\Python314\Lib\http\server.py", line 484, in handle_one_request
    method()
    ~~~~~~^^
  File "C:\Python314\Lib\http\server.py", line 736, in do_GET
    f = self.send_head()
  File "C:\Python314\Lib\http\server.py", line 831, in send_head
    self.end_headers()
    ~~~~~~~~~~~~~~~~^^
  File "C:\Python314\Lib\http\server.py", line 598, in end_headers
    self.flush_headers()
    ~~~~~~~~~~~~~~~~~~^^
  File "C:\Python314\Lib\http\server.py", line 602, in flush_headers
    self.wfile.write(b"".join(self._headers_buffer))
    ~~~~~~~~~~~~~~~~^^^^^^^^^^^^^^^^^^^^^^^^^^^^^^^^
  File "C:\Python314\Lib\socketserver.py", line 845, in write
    self._sock.sendall(b)
    ~~~~~~~~~~~~~~~~~~^^^
ConnectionAbortedError: [WinError 10053] An established connection was aborted by the software in your host machine
----------------------------------------
::1 - - [18/Jul/2026 02:33:52] "GET /?step=1 HTTP/1.1" 200 -
::1 - - [18/Jul/2026 05:12:43] code 404, message File not found
::1 - - [18/Jul/2026 05:12:43] "GET /robots.txt HTTP/1.1" 404 -
::1 - - [18/Jul/2026 05:44:11] "GET / HTTP/1.1" 200 -
::1 - - [18/Jul/2026 05:53:43] "GET /?step=1 HTTP/1.1" 200 -
::1 - - [18/Jul/2026 07:00:12] "HEAD / HTTP/1.1" 200 -
::1 - - [18/Jul/2026 07:00:12] "GET / HTTP/1.1" 200 -
::1 - - [18/Jul/2026 07:00:12] "GET / HTTP/1.1" 200 -
::1 - - [18/Jul/2026 07:00:13] "GET /styles.css HTTP/1.1" 304 -
::1 - - [18/Jul/2026 07:00:13] "GET /app.js HTTP/1.1" 304 -
::1 - - [18/Jul/2026 07:00:13] "GET /services.json HTTP/1.1" 200 -
::1 - - [18/Jul/2026 07:00:13] code 404, message File not found
::1 - - [18/Jul/2026 07:00:13] "GET /favicon.ico HTTP/1.1" 404 -
::1 - - [18/Jul/2026 07:00:17] "GET / HTTP/1.1" 200 -
::1 - - [18/Jul/2026 07:00:18] "GET /styles.css HTTP/1.1" 200 -
::1 - - [18/Jul/2026 07:00:18] "GET /app.js HTTP/1.1" 200 -
::1 - - [18/Jul/2026 07:00:18] "GET /services.json HTTP/1.1" 200 -
::1 - - [18/Jul/2026 07:00:18] code 404, message File not found
::1 - - [18/Jul/2026 07:00:18] "GET /favicon.ico HTTP/1.1" 404 -
::1 - - [18/Jul/2026 07:34:58] "GET /?step=1 HTTP/1.1" 200 -
::1 - - [18/Jul/2026 08:01:40] "GET / HTTP/1.1" 200 -
::1 - - [18/Jul/2026 08:28:46] "GET / HTTP/1.1" 200 -
::1 - - [18/Jul/2026 08:28:47] code 404, message File not found
::1 - - [18/Jul/2026 08:28:47] "GET //wp-includes/wlwmanifest.xml HTTP/1.1" 404 -
::1 - - [18/Jul/2026 08:28:47] code 404, message File not found
::1 - - [18/Jul/2026 08:28:47] "GET //xmlrpc.php?rsd HTTP/1.1" 404 -
::1 - - [18/Jul/2026 08:28:47] "GET / HTTP/1.1" 200 -
::1 - - [18/Jul/2026 08:28:48] code 404, message File not found
::1 - - [18/Jul/2026 08:28:48] "GET //blog/wp-includes/wlwmanifest.xml HTTP/1.1" 404 -
::1 - - [18/Jul/2026 08:28:48] code 404, message File not found
::1 - - [18/Jul/2026 08:28:48] "GET //web/wp-includes/wlwmanifest.xml HTTP/1.1" 404 -
::1 - - [18/Jul/2026 08:28:48] code 404, message File not found
::1 - - [18/Jul/2026 08:28:48] "GET //wordpress/wp-includes/wlwmanifest.xml HTTP/1.1" 404 -
::1 - - [18/Jul/2026 08:28:48] code 404, message File not found
::1 - - [18/Jul/2026 08:28:48] "GET //website/wp-includes/wlwmanifest.xml HTTP/1.1" 404 -
::1 - - [18/Jul/2026 08:28:49] code 404, message File not found
::1 - - [18/Jul/2026 08:28:49] "GET //wp/wp-includes/wlwmanifest.xml HTTP/1.1" 404 -
::1 - - [18/Jul/2026 08:28:49] code 404, message File not found
::1 - - [18/Jul/2026 08:28:49] "GET //news/wp-includes/wlwmanifest.xml HTTP/1.1" 404 -
::1 - - [18/Jul/2026 08:28:49] code 404, message File not found
::1 - - [18/Jul/2026 08:28:49] "GET //2020/wp-includes/wlwmanifest.xml HTTP/1.1" 404 -
::1 - - [18/Jul/2026 08:28:50] code 404, message File not found
::1 - - [18/Jul/2026 08:28:50] "GET //2019/wp-includes/wlwmanifest.xml HTTP/1.1" 404 -
::1 - - [18/Jul/2026 08:28:50] code 404, message File not found
::1 - - [18/Jul/2026 08:28:50] "GET //shop/wp-includes/wlwmanifest.xml HTTP/1.1" 404 -
::1 - - [18/Jul/2026 08:28:50] code 404, message File not found
::1 - - [18/Jul/2026 08:28:50] "GET //wp1/wp-includes/wlwmanifest.xml HTTP/1.1" 404 -
::1 - - [18/Jul/2026 08:28:51] code 404, message File not found
::1 - - [18/Jul/2026 08:28:51] "GET //test/wp-includes/wlwmanifest.xml HTTP/1.1" 404 -
::1 - - [18/Jul/2026 08:28:51] code 404, message File not found
::1 - - [18/Jul/2026 08:28:51] "GET //wp2/wp-includes/wlwmanifest.xml HTTP/1.1" 404 -
::1 - - [18/Jul/2026 08:28:51] code 404, message File not found
::1 - - [18/Jul/2026 08:28:51] "GET //site/wp-includes/wlwmanifest.xml HTTP/1.1" 404 -
::1 - - [18/Jul/2026 08:28:52] code 404, message File not found
::1 - - [18/Jul/2026 08:28:52] "GET //cms/wp-includes/wlwmanifest.xml HTTP/1.1" 404 -
::1 - - [18/Jul/2026 08:28:52] code 404, message File not found
::1 - - [18/Jul/2026 08:28:52] "GET //sito/wp-includes/wlwmanifest.xml HTTP/1.1" 404 -
::1 - - [18/Jul/2026 08:39:41] "GET / HTTP/1.1" 200 -
::1 - - [18/Jul/2026 08:39:42] code 404, message File not found
::1 - - [18/Jul/2026 08:39:42] "GET //wp-includes/wlwmanifest.xml HTTP/1.1" 404 -
::1 - - [18/Jul/2026 08:39:42] code 404, message File not found
::1 - - [18/Jul/2026 08:39:42] "GET //xmlrpc.php?rsd HTTP/1.1" 404 -
::1 - - [18/Jul/2026 08:39:43] "GET / HTTP/1.1" 200 -
::1 - - [18/Jul/2026 08:39:43] code 404, message File not found
::1 - - [18/Jul/2026 08:39:43] "GET //blog/wp-includes/wlwmanifest.xml HTTP/1.1" 404 -
::1 - - [18/Jul/2026 08:39:43] code 404, message File not found
::1 - - [18/Jul/2026 08:39:43] "GET //web/wp-includes/wlwmanifest.xml HTTP/1.1" 404 -
::1 - - [18/Jul/2026 08:39:43] code 404, message File not found
::1 - - [18/Jul/2026 08:39:43] "GET //wordpress/wp-includes/wlwmanifest.xml HTTP/1.1" 404 -
::1 - - [18/Jul/2026 08:39:44] code 404, message File not found
::1 - - [18/Jul/2026 08:39:44] "GET //website/wp-includes/wlwmanifest.xml HTTP/1.1" 404 -
::1 - - [18/Jul/2026 08:39:44] code 404, message File not found
::1 - - [18/Jul/2026 08:39:44] "GET //wp/wp-includes/wlwmanifest.xml HTTP/1.1" 404 -
::1 - - [18/Jul/2026 08:39:44] code 404, message File not found
::1 - - [18/Jul/2026 08:39:44] "GET //news/wp-includes/wlwmanifest.xml HTTP/1.1" 404 -
::1 - - [18/Jul/2026 08:39:45] code 404, message File not found
::1 - - [18/Jul/2026 08:39:45] "GET //2018/wp-includes/wlwmanifest.xml HTTP/1.1" 404 -
::1 - - [18/Jul/2026 08:39:45] code 404, message File not found
::1 - - [18/Jul/2026 08:39:45] "GET //2019/wp-includes/wlwmanifest.xml HTTP/1.1" 404 -
::1 - - [18/Jul/2026 08:39:45] code 404, message File not found
::1 - - [18/Jul/2026 08:39:45] "GET //shop/wp-includes/wlwmanifest.xml HTTP/1.1" 404 -
::1 - - [18/Jul/2026 08:39:45] code 404, message File not found
::1 - - [18/Jul/2026 08:39:45] "GET //wp1/wp-includes/wlwmanifest.xml HTTP/1.1" 404 -
::1 - - [18/Jul/2026 08:39:46] code 404, message File not found
::1 - - [18/Jul/2026 08:39:46] "GET //test/wp-includes/wlwmanifest.xml HTTP/1.1" 404 -
::1 - - [18/Jul/2026 08:39:46] code 404, message File not found
::1 - - [18/Jul/2026 08:39:46] "GET //media/wp-includes/wlwmanifest.xml HTTP/1.1" 404 -
::1 - - [18/Jul/2026 08:39:46] code 404, message File not found
::1 - - [18/Jul/2026 08:39:46] "GET //wp2/wp-includes/wlwmanifest.xml HTTP/1.1" 404 -
::1 - - [18/Jul/2026 08:39:47] code 404, message File not found
::1 - - [18/Jul/2026 08:39:47] "GET //site/wp-includes/wlwmanifest.xml HTTP/1.1" 404 -
::1 - - [18/Jul/2026 08:39:47] code 404, message File not found
::1 - - [18/Jul/2026 08:39:47] "GET //cms/wp-includes/wlwmanifest.xml HTTP/1.1" 404 -
::1 - - [18/Jul/2026 08:39:47] code 404, message File not found
::1 - - [18/Jul/2026 08:39:47] "GET //sito/wp-includes/wlwmanifest.xml HTTP/1.1" 404 -
::1 - - [18/Jul/2026 09:04:20] "GET / HTTP/1.1" 200 -
::1 - - [18/Jul/2026 09:04:20] code 404, message File not found
::1 - - [18/Jul/2026 09:04:20] "GET //wp-includes/wlwmanifest.xml HTTP/1.1" 404 -
::1 - - [18/Jul/2026 09:04:23] code 404, message File not found
::1 - - [18/Jul/2026 09:04:23] "GET //xmlrpc.php?rsd HTTP/1.1" 404 -
::1 - - [18/Jul/2026 09:04:23] "GET / HTTP/1.1" 200 -
::1 - - [18/Jul/2026 09:04:23] code 404, message File not found
::1 - - [18/Jul/2026 09:04:23] "GET //blog/wp-includes/wlwmanifest.xml HTTP/1.1" 404 -
::1 - - [18/Jul/2026 09:04:23] code 404, message File not found
::1 - - [18/Jul/2026 09:04:23] "GET //web/wp-includes/wlwmanifest.xml HTTP/1.1" 404 -
::1 - - [18/Jul/2026 09:04:24] code 404, message File not found
::1 - - [18/Jul/2026 09:04:24] "GET //wordpress/wp-includes/wlwmanifest.xml HTTP/1.1" 404 -
::1 - - [18/Jul/2026 09:04:24] code 404, message File not found
::1 - - [18/Jul/2026 09:04:24] "GET //website/wp-includes/wlwmanifest.xml HTTP/1.1" 404 -
::1 - - [18/Jul/2026 09:04:24] code 404, message File not found
::1 - - [18/Jul/2026 09:04:24] "GET //wp/wp-includes/wlwmanifest.xml HTTP/1.1" 404 -
::1 - - [18/Jul/2026 09:04:25] code 404, message File not found
::1 - - [18/Jul/2026 09:04:25] "GET //news/wp-includes/wlwmanifest.xml HTTP/1.1" 404 -
::1 - - [18/Jul/2026 09:04:25] code 404, message File not found
::1 - - [18/Jul/2026 09:04:25] "GET //2020/wp-includes/wlwmanifest.xml HTTP/1.1" 404 -
::1 - - [18/Jul/2026 09:04:25] code 404, message File not found
::1 - - [18/Jul/2026 09:04:25] "GET //2019/wp-includes/wlwmanifest.xml HTTP/1.1" 404 -
::1 - - [18/Jul/2026 09:04:25] code 404, message File not found
::1 - - [18/Jul/2026 09:04:25] "GET //shop/wp-includes/wlwmanifest.xml HTTP/1.1" 404 -
::1 - - [18/Jul/2026 09:04:26] code 404, message File not found
::1 - - [18/Jul/2026 09:04:26] "GET //wp1/wp-includes/wlwmanifest.xml HTTP/1.1" 404 -
::1 - - [18/Jul/2026 09:04:26] code 404, message File not found
::1 - - [18/Jul/2026 09:04:26] "GET //test/wp-includes/wlwmanifest.xml HTTP/1.1" 404 -
::1 - - [18/Jul/2026 09:04:26] code 404, message File not found
::1 - - [18/Jul/2026 09:04:26] "GET //wp2/wp-includes/wlwmanifest.xml HTTP/1.1" 404 -
::1 - - [18/Jul/2026 09:04:27] code 404, message File not found
::1 - - [18/Jul/2026 09:04:27] "GET //site/wp-includes/wlwmanifest.xml HTTP/1.1" 404 -
::1 - - [18/Jul/2026 09:04:27] code 404, message File not found
::1 - - [18/Jul/2026 09:04:27] "GET //cms/wp-includes/wlwmanifest.xml HTTP/1.1" 404 -
::1 - - [18/Jul/2026 09:04:27] code 404, message File not found
::1 - - [18/Jul/2026 09:04:27] "GET //sito/wp-includes/wlwmanifest.xml HTTP/1.1" 404 -
::1 - - [18/Jul/2026 09:14:09] "GET /?step=1 HTTP/1.1" 200 -
::1 - - [18/Jul/2026 09:42:52] "GET / HTTP/1.1" 200 -
::1 - - [18/Jul/2026 09:47:04] "GET / HTTP/1.1" 200 -
::1 - - [18/Jul/2026 09:55:48] "GET / HTTP/1.1" 200 -
::1 - - [18/Jul/2026 10:04:10] "GET / HTTP/1.1" 200 -
::1 - - [18/Jul/2026 10:05:56] "GET / HTTP/1.1" 200 -
::1 - - [18/Jul/2026 10:06:39] "GET / HTTP/1.1" 200 -
::1 - - [18/Jul/2026 10:15:29] "GET / HTTP/1.1" 200 -
::1 - - [18/Jul/2026 10:27:21] "GET / HTTP/1.1" 200 -
::1 - - [18/Jul/2026 10:33:40] "GET / HTTP/1.1" 200 -
::1 - - [18/Jul/2026 10:35:21] "GET / HTTP/1.1" 200 -
::1 - - [18/Jul/2026 10:37:47] "GET / HTTP/1.1" 200 -
::1 - - [18/Jul/2026 10:47:03] "GET / HTTP/1.1" 200 -
::1 - - [18/Jul/2026 10:47:26] "GET / HTTP/1.1" 200 -
::1 - - [18/Jul/2026 10:56:00] "GET /?step=1 HTTP/1.1" 200 -
::1 - - [18/Jul/2026 11:06:33] "GET / HTTP/1.1" 200 -
::1 - - [18/Jul/2026 11:35:38] code 404, message File not found
::1 - - [18/Jul/2026 11:35:38] "GET /robots.txt HTTP/1.1" 404 -
::1 - - [18/Jul/2026 11:39:27] "GET / HTTP/1.1" 200 -
::1 - - [18/Jul/2026 12:04:55] "GET / HTTP/1.1" 200 -
::1 - - [18/Jul/2026 12:27:47] "GET / HTTP/1.1" 200 -
::1 - - [18/Jul/2026 12:39:15] "GET /?step=1 HTTP/1.1" 200 -
::1 - - [18/Jul/2026 12:40:03] "GET / HTTP/1.1" 200 -
::1 - - [18/Jul/2026 12:49:20] "HEAD / HTTP/1.1" 200 -
::1 - - [18/Jul/2026 12:49:20] "GET / HTTP/1.1" 200 -
::1 - - [18/Jul/2026 12:49:20] "GET / HTTP/1.1" 200 -
::1 - - [18/Jul/2026 12:49:21] "GET / HTTP/1.1" 200 -
::1 - - [18/Jul/2026 12:49:21] "GET / HTTP/1.1" 200 -
::1 - - [18/Jul/2026 12:49:21] "GET / HTTP/1.1" 200 -
::1 - - [18/Jul/2026 12:49:21] "GET / HTTP/1.1" 200 -
::1 - - [18/Jul/2026 12:49:21] "GET / HTTP/1.1" 200 -
::1 - - [18/Jul/2026 12:49:21] "GET / HTTP/1.1" 200 -
::1 - - [18/Jul/2026 12:49:21] "GET / HTTP/1.1" 200 -
::1 - - [18/Jul/2026 12:49:21] "GET / HTTP/1.1" 200 -
::1 - - [18/Jul/2026 12:49:21] "GET / HTTP/1.1" 200 -
::1 - - [18/Jul/2026 12:49:22] "GET / HTTP/1.1" 200 -
::1 - - [18/Jul/2026 12:49:22] "GET / HTTP/1.1" 200 -
::1 - - [18/Jul/2026 12:49:22] "GET / HTTP/1.1" 200 -
::1 - - [18/Jul/2026 12:49:22] "GET / HTTP/1.1" 200 -
::1 - - [18/Jul/2026 12:49:22] "GET / HTTP/1.1" 200 -
::1 - - [18/Jul/2026 12:49:22] "GET / HTTP/1.1" 200 -
::1 - - [18/Jul/2026 12:49:22] "GET / HTTP/1.1" 200 -
::1 - - [18/Jul/2026 12:49:22] "GET / HTTP/1.1" 200 -
::1 - - [18/Jul/2026 12:49:23] "GET / HTTP/1.1" 200 -
::1 - - [18/Jul/2026 12:49:23] "GET / HTTP/1.1" 200 -
::1 - - [18/Jul/2026 12:49:23] "GET / HTTP/1.1" 200 -
::1 - - [18/Jul/2026 12:49:23] "GET / HTTP/1.1" 200 -
::1 - - [18/Jul/2026 12:49:23] "GET / HTTP/1.1" 200 -
::1 - - [18/Jul/2026 12:49:23] "GET / HTTP/1.1" 200 -
::1 - - [18/Jul/2026 12:49:23] "GET / HTTP/1.1" 200 -
::1 - - [18/Jul/2026 12:49:23] "GET / HTTP/1.1" 200 -
::1 - - [18/Jul/2026 12:49:23] "GET / HTTP/1.1" 200 -
::1 - - [18/Jul/2026 12:49:23] "GET / HTTP/1.1" 200 -
::1 - - [18/Jul/2026 12:49:23] "GET / HTTP/1.1" 200 -
::1 - - [18/Jul/2026 12:49:23] "GET / HTTP/1.1" 200 -
::1 - - [18/Jul/2026 12:49:23] "GET / HTTP/1.1" 200 -
::1 - - [18/Jul/2026 12:49:23] "GET / HTTP/1.1" 200 -
::1 - - [18/Jul/2026 12:49:23] "GET / HTTP/1.1" 200 -
::1 - - [18/Jul/2026 12:49:23] "GET / HTTP/1.1" 200 -
::1 - - [18/Jul/2026 12:49:23] "GET / HTTP/1.1" 200 -
::1 - - [18/Jul/2026 12:49:23] "GET / HTTP/1.1" 200 -
::1 - - [18/Jul/2026 12:49:23] "GET / HTTP/1.1" 200 -
::1 - - [18/Jul/2026 12:49:23] "GET / HTTP/1.1" 200 -
::1 - - [18/Jul/2026 12:49:24] "GET / HTTP/1.1" 200 -
::1 - - [18/Jul/2026 12:49:24] "GET / HTTP/1.1" 200 -
::1 - - [18/Jul/2026 12:49:24] "GET / HTTP/1.1" 200 -
::1 - - [18/Jul/2026 12:49:24] "GET / HTTP/1.1" 200 -
::1 - - [18/Jul/2026 12:49:24] "GET / HTTP/1.1" 200 -
::1 - - [18/Jul/2026 12:49:24] "GET / HTTP/1.1" 200 -
::1 - - [18/Jul/2026 12:49:24] "GET / HTTP/1.1" 200 -
::1 - - [18/Jul/2026 12:49:24] "GET / HTTP/1.1" 200 -
::1 - - [18/Jul/2026 12:49:24] "GET / HTTP/1.1" 200 -
::1 - - [18/Jul/2026 12:49:24] "GET / HTTP/1.1" 200 -
::1 - - [18/Jul/2026 12:49:24] "GET / HTTP/1.1" 200 -
::1 - - [18/Jul/2026 12:49:24] "GET / HTTP/1.1" 200 -
::1 - - [18/Jul/2026 13:15:51] "GET / HTTP/1.1" 200 -
::1 - - [18/Jul/2026 13:33:53] "GET / HTTP/1.1" 200 -
::1 - - [18/Jul/2026 13:46:11] "GET / HTTP/1.1" 200 -
::1 - - [18/Jul/2026 13:50:00] "GET /?step=1 HTTP/1.1" 200 -
::1 - - [18/Jul/2026 14:15:53] "GET / HTTP/1.1" 200 -
::1 - - [18/Jul/2026 14:15:53] code 404, message File not found
::1 - - [18/Jul/2026 14:15:53] "GET //wp-includes/wlwmanifest.xml HTTP/1.1" 404 -
::1 - - [18/Jul/2026 14:15:54] code 404, message File not found
::1 - - [18/Jul/2026 14:15:54] "GET //xmlrpc.php?rsd HTTP/1.1" 404 -
::1 - - [18/Jul/2026 14:15:54] "GET / HTTP/1.1" 200 -
::1 - - [18/Jul/2026 14:15:54] code 404, message File not found
::1 - - [18/Jul/2026 14:15:54] "GET //blog/wp-includes/wlwmanifest.xml HTTP/1.1" 404 -
::1 - - [18/Jul/2026 14:15:55] code 404, message File not found
::1 - - [18/Jul/2026 14:15:55] "GET //web/wp-includes/wlwmanifest.xml HTTP/1.1" 404 -
::1 - - [18/Jul/2026 14:15:55] code 404, message File not found
::1 - - [18/Jul/2026 14:15:55] "GET //wordpress/wp-includes/wlwmanifest.xml HTTP/1.1" 404 -
::1 - - [18/Jul/2026 14:15:55] code 404, message File not found
::1 - - [18/Jul/2026 14:15:55] "GET //website/wp-includes/wlwmanifest.xml HTTP/1.1" 404 -
::1 - - [18/Jul/2026 14:15:55] code 404, message File not found
::1 - - [18/Jul/2026 14:15:55] "GET //wp/wp-includes/wlwmanifest.xml HTTP/1.1" 404 -
::1 - - [18/Jul/2026 14:15:56] code 404, message File not found
::1 - - [18/Jul/2026 14:15:56] "GET //news/wp-includes/wlwmanifest.xml HTTP/1.1" 404 -
::1 - - [18/Jul/2026 14:15:56] code 404, message File not found
::1 - - [18/Jul/2026 14:15:56] "GET //2018/wp-includes/wlwmanifest.xml HTTP/1.1" 404 -
::1 - - [18/Jul/2026 14:15:56] code 404, message File not found
::1 - - [18/Jul/2026 14:15:56] "GET //2019/wp-includes/wlwmanifest.xml HTTP/1.1" 404 -
::1 - - [18/Jul/2026 14:15:57] code 404, message File not found
::1 - - [18/Jul/2026 14:15:57] "GET //shop/wp-includes/wlwmanifest.xml HTTP/1.1" 404 -
::1 - - [18/Jul/2026 14:15:57] code 404, message File not found
::1 - - [18/Jul/2026 14:15:57] "GET //wp1/wp-includes/wlwmanifest.xml HTTP/1.1" 404 -
::1 - - [18/Jul/2026 14:15:57] code 404, message File not found
::1 - - [18/Jul/2026 14:15:57] "GET //test/wp-includes/wlwmanifest.xml HTTP/1.1" 404 -
::1 - - [18/Jul/2026 14:15:57] code 404, message File not found
::1 - - [18/Jul/2026 14:15:57] "GET //media/wp-includes/wlwmanifest.xml HTTP/1.1" 404 -
::1 - - [18/Jul/2026 14:15:58] code 404, message File not found
::1 - - [18/Jul/2026 14:15:58] "GET //wp2/wp-includes/wlwmanifest.xml HTTP/1.1" 404 -
::1 - - [18/Jul/2026 14:15:58] code 404, message File not found
::1 - - [18/Jul/2026 14:15:58] "GET //site/wp-includes/wlwmanifest.xml HTTP/1.1" 404 -
::1 - - [18/Jul/2026 14:15:58] code 404, message File not found
::1 - - [18/Jul/2026 14:15:58] "GET //cms/wp-includes/wlwmanifest.xml HTTP/1.1" 404 -
::1 - - [18/Jul/2026 14:15:59] code 404, message File not found
::1 - - [18/Jul/2026 14:15:59] "GET //sito/wp-includes/wlwmanifest.xml HTTP/1.1" 404 -
